// Jest Snapshot v1, https://goo.gl/fbAQLP

exports[`MovieCard Should render correctly card 1`] = `
<article
  className="small-movie-card catalog__movies-card"
  onMouseEnter={[Function]}
  onMouseLeave={[Function]}
>
  <a
    className="small-movie-card__link"
    href="/films/123456"
    onClick={[Function]}
  >
    <div
      className="small-movie-card__image"
    >
      <video
        className="player__video"
        poster="img/snatch.jpg"
      />
      <img
        alt="Name"
        height={175}
        src="img/snatch.jpg"
        width={280}
      />
    </div>
    <h3
      className="small-movie-card__title"
    >
      Name
    </h3>
  </a>
</article>
`;
